// Jest Snapshot v1, https://goo.gl/fbAQLP

exports[`ConfirmModal renders 1`] = `
<div>
  <dialog
    class="modal"
  >
    <section
      class="modal__header"
    >
      <div
        class="modal__header--icon"
      >
        <div
          class="undefined pointer-cursor"
        />
      </div>
      <h2>
        Confirmation
      </h2>
    </section>
    <section
      class="modal__container"
    >
      <div
        class="confirm-modal"
      >
        <p>
          Common Confirm Modal
        </p>
      </div>
    </section>
    <section
      class="modal__footer"
    >
      <button
        class="button full outline center"
        type="button"
      >
        Annuler
      </button>
      <button
        class="button full center"
        type="button"
      >
        Confirmer
      </button>
    </section>
  </dialog>
</div>
`;
