// Jest Snapshot v1, https://goo.gl/fbAQLP

exports[`TableSkeleton renders 1`] = `
<div>
  <table
    class="table-skeleton"
  >
    <thead>
      <tr>
        <th>
          <div />
        </th>
        <th>
          <div />
        </th>
        <th>
          <div />
        </th>
        <th>
          <div />
        </th>
      </tr>
    </thead>
    <tbody
      class="table-skeleton--tbody"
    >
      <tr
        class="table-skeleton--tbody--tr"
      >
        <td
          class="table-skeleton--tbody--tr--td"
        >
          <div
            class="table-skeleton--tbody--tr--td--div"
          />
        </td>
        <td
          class="table-skeleton--tbody--tr--td"
        >
          <div
            class="table-skeleton--tbody--tr--td--div"
          />
        </td>
        <td
          class="table-skeleton--tbody--tr--td"
        >
          <div
            class="table-skeleton--tbody--tr--td--div"
          />
        </td>
        <td
          class="table-skeleton--tbody--tr--td"
        >
          <div
            class="table-skeleton--tbody--tr--td--div"
          />
        </td>
      </tr>
      <tr
        class="table-skeleton--tbody--tr"
      >
        <td
          class="table-skeleton--tbody--tr--td"
        >
          <div
            class="table-skeleton--tbody--tr--td--div"
          />
        </td>
        <td
          class="table-skeleton--tbody--tr--td"
        >
          <div
            class="table-skeleton--tbody--tr--td--div"
          />
        </td>
        <td
          class="table-skeleton--tbody--tr--td"
        >
          <div
            class="table-skeleton--tbody--tr--td--div"
          />
        </td>
        <td
          class="table-skeleton--tbody--tr--td"
        >
          <div
            class="table-skeleton--tbody--tr--td--div"
          />
        </td>
      </tr>
      <tr
        class="table-skeleton--tbody--tr"
      >
        <td
          class="table-skeleton--tbody--tr--td"
        >
          <div
            class="table-skeleton--tbody--tr--td--div"
          />
        </td>
        <td
          class="table-skeleton--tbody--tr--td"
        >
          <div
            class="table-skeleton--tbody--tr--td--div"
          />
        </td>
        <td
          class="table-skeleton--tbody--tr--td"
        >
          <div
            class="table-skeleton--tbody--tr--td--div"
          />
        </td>
        <td
          class="table-skeleton--tbody--tr--td"
        >
          <div
            class="table-skeleton--tbody--tr--td--div"
          />
        </td>
      </tr>
      <tr
        class="table-skeleton--tbody--tr"
      >
        <td
          class="table-skeleton--tbody--tr--td"
        >
          <div
            class="table-skeleton--tbody--tr--td--div"
          />
        </td>
        <td
          class="table-skeleton--tbody--tr--td"
        >
          <div
            class="table-skeleton--tbody--tr--td--div"
          />
        </td>
        <td
          class="table-skeleton--tbody--tr--td"
        >
          <div
            class="table-skeleton--tbody--tr--td--div"
          />
        </td>
        <td
          class="table-skeleton--tbody--tr--td"
        >
          <div
            class="table-skeleton--tbody--tr--td--div"
          />
        </td>
      </tr>
      <tr
        class="table-skeleton--tbody--tr"
      >
        <td
          class="table-skeleton--tbody--tr--td"
        >
          <div
            class="table-skeleton--tbody--tr--td--div"
          />
        </td>
        <td
          class="table-skeleton--tbody--tr--td"
        >
          <div
            class="table-skeleton--tbody--tr--td--div"
          />
        </td>
        <td
          class="table-skeleton--tbody--tr--td"
        >
          <div
            class="table-skeleton--tbody--tr--td--div"
          />
        </td>
        <td
          class="table-skeleton--tbody--tr--td"
        >
          <div
            class="table-skeleton--tbody--tr--td--div"
          />
        </td>
      </tr>
      <tr
        class="table-skeleton--tbody--tr"
      >
        <td
          class="table-skeleton--tbody--tr--td"
        >
          <div
            class="table-skeleton--tbody--tr--td--div"
          />
        </td>
        <td
          class="table-skeleton--tbody--tr--td"
        >
          <div
            class="table-skeleton--tbody--tr--td--div"
          />
        </td>
        <td
          class="table-skeleton--tbody--tr--td"
        >
          <div
            class="table-skeleton--tbody--tr--td--div"
          />
        </td>
        <td
          class="table-skeleton--tbody--tr--td"
        >
          <div
            class="table-skeleton--tbody--tr--td--div"
          />
        </td>
      </tr>
    </tbody>
  </table>
</div>
`;
